// Vitest Snapshot v1

exports[`Main App Component > rendering 1`] = `
<div>
  <div
    class="App"
  >
    Test
  </div>
</div>
`;
